Archive member included to satisfy reference by file (symbol)

C:/ST/STM32CubeIDE_1.16.1/STM32CubeIDE/plugins/com.st.stm32cube.ide.mcu.externaltools.gnu-tools-for-stm32.12.3.rel1.win32_1.0.200.202406191623/tools/bin/../lib/gcc/arm-none-eabi/12.3.1/../../../../arm-none-eabi/lib/thumb/v7e-m+fp/hard\libc_nano.a(libc_a-exit.o)
                              C:/ST/STM32CubeIDE_1.16.1/STM32CubeIDE/plugins/com.st.stm32cube.ide.mcu.externaltools.gnu-tools-for-stm32.12.3.rel1.win32_1.0.200.202406191623/tools/bin/../lib/gcc/arm-none-eabi/12.3.1/../../../../arm-none-eabi/lib/thumb/v7e-m+fp/hard/crt0.o (exit)
C:/ST/STM32CubeIDE_1.16.1/STM32CubeIDE/plugins/com.st.stm32cube.ide.mcu.externaltools.gnu-tools-for-stm32.12.3.rel1.win32_1.0.200.202406191623/tools/bin/../lib/gcc/arm-none-eabi/12.3.1/../../../../arm-none-eabi/lib/thumb/v7e-m+fp/hard\libc_nano.a(libc_a-findfp.o)
                              C:/ST/STM32CubeIDE_1.16.1/STM32CubeIDE/plugins/com.st.stm32cube.ide.mcu.externaltools.gnu-tools-for-stm32.12.3.rel1.win32_1.0.200.202406191623/tools/bin/../lib/gcc/arm-none-eabi/12.3.1/../../../../arm-none-eabi/lib/thumb/v7e-m+fp/hard\libc_nano.a(libc_a-exit.o) (__stdio_exit_handler)
C:/ST/STM32CubeIDE_1.16.1/STM32CubeIDE/plugins/com.st.stm32cube.ide.mcu.externaltools.gnu-tools-for-stm32.12.3.rel1.win32_1.0.200.202406191623/tools/bin/../lib/gcc/arm-none-eabi/12.3.1/../../../../arm-none-eabi/lib/thumb/v7e-m+fp/hard\libc_nano.a(libc_a-fwalk.o)
                              C:/ST/STM32CubeIDE_1.16.1/STM32CubeIDE/plugins/com.st.stm32cube.ide.mcu.externaltools.gnu-tools-for-stm32.12.3.rel1.win32_1.0.200.202406191623/tools/bin/../lib/gcc/arm-none-eabi/12.3.1/../../../../arm-none-eabi/lib/thumb/v7e-m+fp/hard\libc_nano.a(libc_a-findfp.o) (_fwalk_sglue)
C:/ST/STM32CubeIDE_1.16.1/STM32CubeIDE/plugins/com.st.stm32cube.ide.mcu.externaltools.gnu-tools-for-stm32.12.3.rel1.win32_1.0.200.202406191623/tools/bin/../lib/gcc/arm-none-eabi/12.3.1/../../../../arm-none-eabi/lib/thumb/v7e-m+fp/hard\libc_nano.a(libc_a-stdio.o)
                              C:/ST/STM32CubeIDE_1.16.1/STM32CubeIDE/plugins/com.st.stm32cube.ide.mcu.externaltools.gnu-tools-for-stm32.12.3.rel1.win32_1.0.200.202406191623/tools/bin/../lib/gcc/arm-none-eabi/12.3.1/../../../../arm-none-eabi/lib/thumb/v7e-m+fp/hard\libc_nano.a(libc_a-findfp.o) (__sread)
C:/ST/STM32CubeIDE_1.16.1/STM32CubeIDE/plugins/com.st.stm32cube.ide.mcu.externaltools.gnu-tools-for-stm32.12.3.rel1.win32_1.0.200.202406191623/tools/bin/../lib/gcc/arm-none-eabi/12.3.1/../../../../arm-none-eabi/lib/thumb/v7e-m+fp/hard\libc_nano.a(libc_a-memset.o)
                              C:/ST/STM32CubeIDE_1.16.1/STM32CubeIDE/plugins/com.st.stm32cube.ide.mcu.externaltools.gnu-tools-for-stm32.12.3.rel1.win32_1.0.200.202406191623/tools/bin/../lib/gcc/arm-none-eabi/12.3.1/../../../../arm-none-eabi/lib/thumb/v7e-m+fp/hard/crt0.o (memset)
C:/ST/STM32CubeIDE_1.16.1/STM32CubeIDE/plugins/com.st.stm32cube.ide.mcu.externaltools.gnu-tools-for-stm32.12.3.rel1.win32_1.0.200.202406191623/tools/bin/../lib/gcc/arm-none-eabi/12.3.1/../../../../arm-none-eabi/lib/thumb/v7e-m+fp/hard\libc_nano.a(libc_a-closer.o)
                              C:/ST/STM32CubeIDE_1.16.1/STM32CubeIDE/plugins/com.st.stm32cube.ide.mcu.externaltools.gnu-tools-for-stm32.12.3.rel1.win32_1.0.200.202406191623/tools/bin/../lib/gcc/arm-none-eabi/12.3.1/../../../../arm-none-eabi/lib/thumb/v7e-m+fp/hard\libc_nano.a(libc_a-stdio.o) (_close_r)
C:/ST/STM32CubeIDE_1.16.1/STM32CubeIDE/plugins/com.st.stm32cube.ide.mcu.externaltools.gnu-tools-for-stm32.12.3.rel1.win32_1.0.200.202406191623/tools/bin/../lib/gcc/arm-none-eabi/12.3.1/../../../../arm-none-eabi/lib/thumb/v7e-m+fp/hard\libc_nano.a(libc_a-reent.o)
                              C:/ST/STM32CubeIDE_1.16.1/STM32CubeIDE/plugins/com.st.stm32cube.ide.mcu.externaltools.gnu-tools-for-stm32.12.3.rel1.win32_1.0.200.202406191623/tools/bin/../lib/gcc/arm-none-eabi/12.3.1/../../../../arm-none-eabi/lib/thumb/v7e-m+fp/hard\libc_nano.a(libc_a-closer.o) (errno)
C:/ST/STM32CubeIDE_1.16.1/STM32CubeIDE/plugins/com.st.stm32cube.ide.mcu.externaltools.gnu-tools-for-stm32.12.3.rel1.win32_1.0.200.202406191623/tools/bin/../lib/gcc/arm-none-eabi/12.3.1/../../../../arm-none-eabi/lib/thumb/v7e-m+fp/hard\libc_nano.a(libc_a-impure.o)
                              C:/ST/STM32CubeIDE_1.16.1/STM32CubeIDE/plugins/com.st.stm32cube.ide.mcu.externaltools.gnu-tools-for-stm32.12.3.rel1.win32_1.0.200.202406191623/tools/bin/../lib/gcc/arm-none-eabi/12.3.1/../../../../arm-none-eabi/lib/thumb/v7e-m+fp/hard\libc_nano.a(libc_a-reent.o) (_impure_ptr)
C:/ST/STM32CubeIDE_1.16.1/STM32CubeIDE/plugins/com.st.stm32cube.ide.mcu.externaltools.gnu-tools-for-stm32.12.3.rel1.win32_1.0.200.202406191623/tools/bin/../lib/gcc/arm-none-eabi/12.3.1/../../../../arm-none-eabi/lib/thumb/v7e-m+fp/hard\libc_nano.a(libc_a-lseekr.o)
[...]
Memory Configuration

Name             Origin             Length             Attributes
RAM              0x20000000         0x00010000         xrw
FLASH            0x08000000         0x00040000         xr
*default*        0x00000000         0xffffffff

Linker script and memory map

LOAD C:/ST/STM32CubeIDE_1.16.1/STM32CubeIDE/plugins/com.st.stm32cube.ide.mcu.externaltools.gnu-tools-for-stm32.12.3.rel1.win32_1.0.200.202406191623/tools/bin/../lib/gcc/arm-none-eabi/12.3.1/thumb/v7e-m+fp/hard/crti.o
LOAD C:/ST/STM32CubeIDE_1.16.1/STM32CubeIDE/plugins/com.st.stm32cube.ide.mcu.externaltools.gnu-tools-for-stm32.12.3.rel1.win32_1.0.200.202406191623/tools/bin/../lib/gcc/arm-none-eabi/12.3.1/thumb/v7e-m+fp/hard/crtbegin.o
LOAD C:/ST/STM32CubeIDE_1.16.1/STM32CubeIDE/plugins/com.st.stm32cube.ide.mcu.externaltools.gnu-tools-for-stm32.12.3.rel1.win32_1.0.200.202406191623/tools/bin/../lib/gcc/arm-none-eabi/12.3.1/../../../../arm-none-eabi/lib/thumb/v7e-m+fp/hard/crt0.o
LOAD ./Core/Src/ServoMotor.o
LOAD ./Core/Src/gpio.o
LOAD ./Core/Src/i2c.o
LOAD ./Core/Src/liquidcrystal_i2c.o
LOAD ./Core/Src/main.o
LOAD ./Core/Src/stm32f4xx_hal_msp.o
LOAD ./Core/Src/stm32f4xx_it.o
LOAD ./Core/Src/syscalls.o
LOAD ./Core/Src/sysmem.o
LOAD ./Core/Src/system_stm32f4xx.o
LOAD ./Core/Src/tim.o
LOAD ./Core/Startup/startup_stm32f401ccux.o
LOAD ./Drivers/STM32F4xx_HAL_Driver/Src/stm32f4xx_hal.o
LOAD ./Drivers/STM32F4xx_HAL_Driver/Src/stm32f4xx_hal_cortex.o
LOAD ./Drivers/STM32F4xx_HAL_Driver/Src/stm32f4xx_hal_dma.o
LOAD ./Drivers/STM32F4xx_HAL_Driver/Src/stm32f4xx_hal_dma_ex.o
LOAD ./Drivers/STM32F4xx_HAL_Driver/Src/stm32f4xx_hal_exti.o
LOAD ./Drivers/STM32F4xx_HAL_Driver/Src/stm32f4xx_hal_flash.o
LOAD ./Drivers/STM32F4xx_HAL_Driver/Src/stm32f4xx_hal_flash_ex.o
LOAD ./Drivers/STM32F4xx_HAL_Driver/Src/stm32f4xx_hal_flash_ramfunc.o
LOAD ./Drivers/STM32F4xx_HAL_Driver/Src/stm32f4xx_hal_gpio.o
LOAD ./Drivers/STM32F4xx_HAL_Driver/Src/stm32f4xx_hal_i2c.o
LOAD ./Drivers/STM32F4xx_HAL_Driver/Src/stm32f4xx_hal_i2c_ex.o
LOAD ./Drivers/STM32F4xx_HAL_Driver/Src/stm32f4xx_hal_pwr.o
LOAD ./Drivers/STM32F4xx_HAL_Driver/Src/stm32f4xx_hal_pwr_ex.o
LOAD ./Drivers/STM32F4xx_HAL_Driver/Src/stm32f4xx_hal_rcc.o
LOAD ./Drivers/STM32F4xx_HAL_Driver/Src/stm32f4xx_hal_rcc_ex.o
LOAD ./Drivers/STM32F4xx_HAL_Driver/Src/stm32f4xx_hal_tim.o
LOAD ./Drivers/STM32F4xx_HAL_Driver/Src/stm32f4xx_hal_tim_ex.o
START GROUP
LOAD C:/ST/STM32CubeIDE_1.16.1/STM32CubeIDE/plugins/com.st.stm32cube.ide.mcu.externaltools.gnu-tools-for-stm32.12.3.rel1.win32_1.0.200.202406191623/tools/bin/../lib/gcc/arm-none-eabi/12.3.1/../../../../arm-none-eabi/lib/thumb/v7e-m+fp/hard\libc_nano.a
LOAD C:/ST/STM32CubeIDE_1.16.1/STM32CubeIDE/plugins/com.st.stm32cube.ide.mcu.externaltools.gnu-tools-for-stm32.12.3.rel1.win32_1.0.200.202406191623/tools/bin/../lib/gcc/arm-none-eabi/12.3.1/../../../../arm-none-eabi/lib/thumb/v7e-m+fp/hard\libm.a
END GROUP
START GROUP
LOAD C:/ST/STM32CubeIDE_1.16.1/STM32CubeIDE/plugins/com.st.stm32cube.ide.mcu.externaltools.gnu-tools-for-stm32.12.3.rel1.win32_1.0.200.202406191623/tools/bin/../lib/gcc/arm-none-eabi/12.3.1/thumb/v7e-m+fp/hard\libgcc.a
LOAD C:/ST/STM32CubeIDE_1.16.1/STM32CubeIDE/plugins/com.st.stm32cube.ide.mcu.externaltools.gnu-tools-for-stm32.12.3.rel1.win32_1.0.200.202406191623/tools/bin/../lib/gcc/arm-none-eabi/12.3.1/../../../../arm-none-eabi/lib/thumb/v7e-m+fp/hard\libc_nano.a
END GROUP
START GROUP
LOAD C:/ST/STM32CubeIDE_1.16.1/STM32CubeIDE/plugins/com.st.stm32cube.ide.mcu.externaltools.gnu-tools-for-stm32.12.3.rel1.win32_1.0.200.202406191623/tools/bin/../lib/gcc/arm-none-eabi/12.3.1/thumb/v7e-m+fp/hard\libgcc.a
LOAD C:/ST/STM32CubeIDE_1.16.1/STM32CubeIDE/plugins/com.st.stm32cube.ide.mcu.externaltools.gnu-tools-for-stm32.12.3.rel1.win32_1.0.200.202406191623/tools/bin/../lib/gcc/arm-none-eabi/12.3.1/../../../../arm-none-eabi/lib/thumb/v7e-m+fp/hard\libc_nano.a
LOAD C:/ST/STM32CubeIDE_1.16.1/STM32CubeIDE/plugins/com.st.stm32cube.ide.mcu.externaltools.gnu-tools-for-stm32.12.3.rel1.win32_1.0.200.202406191623/tools/bin/../lib/gcc/arm-none-eabi/12.3.1/../../../../arm-none-eabi/lib/thumb/v7e-m+fp/hard\libnosys.a
END GROUP
START GROUP
LOAD C:/ST/STM32CubeIDE_1.16.1/STM32CubeIDE/plugins/com.st.stm32cube.ide.mcu.externaltools.gnu-tools-for-stm32.12.3.rel1.win32_1.0.200.202406191623/tools/bin/../lib/gcc/arm-none-eabi/12.3.1/thumb/v7e-m+fp/hard\libgcc.a
LOAD C:/ST/STM32CubeIDE_1.16.1/STM32CubeIDE/plugins/com.st.stm32cube.ide.mcu.externaltools.gnu-tools-for-stm32.12.3.rel1.win32_1.0.200.202406191623/tools/bin/../lib/gcc/arm-none-eabi/12.3.1/../../../../arm-none-eabi/lib/thumb/v7e-m+fp/hard\libc_nano.a
LOAD C:/ST/STM32CubeIDE_1.16.1/STM32CubeIDE/plugins/com.st.stm32cube.ide.mcu.externaltools.gnu-tools-for-stm32.12.3.rel1.win32_1.0.200.202406191623/tools/bin/../lib/gcc/arm-none-eabi/12.3.1/../../../../arm-none-eabi/lib/thumb/v7e-m+fp/hard\libnosys.a
END GROUP
LOAD C:/ST/STM32CubeIDE_1.16.1/STM32CubeIDE/plugins/com.st.stm32cube.ide.mcu.externaltools.gnu-tools-for-stm32.12.3.rel1.win32_1.0.200.202406191623/tools/bin/../lib/gcc/arm-none-eabi/12.3.1/thumb/v7e-m+fp/hard/crtend.o
LOAD C:/ST/STM32CubeIDE_1.16.1/STM32CubeIDE/plugins/com.st.stm32cube.ide.mcu.externaltools.gnu-tools-for-stm32.12.3.rel1.win32_1.0.200.202406191623/tools/bin/../lib/gcc/arm-none-eabi/12.3.1/thumb/v7e-m+fp/hard/crtn.o
                0x20010000                        _estack = (ORIGIN (RAM) + LENGTH (RAM))
                0x00000200                        _Min_Heap_Size = 0x200
                0x00000400                        _Min_Stack_Size = 0x400

.isr_vector     0x08000000      0x194
                0x08000000                        . = ALIGN (0x4)
 *(.isr_vector)
 .isr_vector    0x08000000      0x194 ./Core/Startup/startup_stm32f401ccux.o
                0x08000000                g_pfnVectors
                0x08000194                        . = ALIGN (0x4)

.text           0x08000198     0x40ac
                0x08000198                        . = ALIGN (0x4)
 *(.text)
 .text          0x08000198       0x40 C:/ST/STM32CubeIDE_1.16.1/STM32CubeIDE/plugins/com.st.stm32cube.ide.mcu.externaltools.gnu-tools-for-stm32.12.3.rel1.win32_1.0.200.202406191623/tools/bin/../lib/gcc/arm-none-eabi/12.3.1/thumb/v7e-m+fp/hard/crtbegin.o
 .text          0x080001d8       0x14 C:/ST/STM32CubeIDE_1.16.1/STM32CubeIDE/plugins/com.st.stm32cube.ide.mcu.externaltools.gnu-tools-for-stm32.12.3.rel1.win32_1.0.200.202406191623/tools/bin/../lib/gcc/arm-none-eabi/12.3.1/../../../../arm-none-eabi/lib/thumb/v7e-m+fp/hard\libc_nano.a(libc_a-strcmp.o)
                0x080001d8                strcmp
 .text          0x080001ec      0x254 C:/ST/STM32CubeIDE_1.16.1/STM32CubeIDE/plugins/com.st.stm32cube.ide.mcu.externaltools.gnu-tools-for-stm32.12.3.rel1.win32_1.0.200.202406191623/tools/bin/../lib/gcc/arm-none-eabi/12.3.1/thumb/v7e-m+fp/hard\libgcc.a(_arm_muldf3.o)
                0x080001ec                __muldf3
                0x080001ec                __aeabi_dmul
 .text          0x08000440      0x378 C:/ST/STM32CubeIDE_1.16.1/STM32CubeIDE/plugins/com.st.stm32cube.ide.mcu.externaltools.gnu-tools-for-stm32.12.3.rel1.win32_1.0.200.202406191623/tools/bin/../lib/gcc/arm-none-eabi/12.3.1/thumb/v7e-m+fp/hard\libgcc.a(_arm_addsubdf3.o)
                0x08000440                __aeabi_drsub
                0x08000448                __aeabi_dsub
                0x08000448                __subdf3
                0x0800044c                __aeabi_dadd
                0x0800044c                __adddf3
                0x080006c4                __floatunsidf
                0x080006c4                __aeabi_ui2d
                0x080006e4                __floatsidf
                0x080006e4                __aeabi_i2d
                0x08000708                __aeabi_f2d
                0x08000708                __extendsfdf2
                0x0800074c                __floatundidf
                0x0800074c                __aeabi_ul2d
                0x0800075c                __floatdidf
                0x0800075c                __aeabi_l2d
 .text          0x080007b8       0x40 C:/ST/STM32CubeIDE_1.16.1/STM32CubeIDE/plugins/com.st.stm32cube.ide.mcu.externaltools.gnu-tools-for-stm32.12.3.rel1.win32_1.0.200.202406191623/tools/bin/../lib/gcc/arm-none-eabi/12.3.1/thumb/v7e-m+fp/hard\libgcc.a(_arm_fixunsdfsi.o)
                0x080007b8                __aeabi_d2uiz
                0x080007b8                __fixunsdfsi
 .text          0x080007f8       0x30 C:/ST/STM32CubeIDE_1.16.1/STM32CubeIDE/plugins/com.st.stm32cube.ide.mcu.externaltools.gnu-tools-for-stm32.12.3.rel1.win32_1.0.200.202406191623/tools/bin/../lib/gcc/arm-none-eabi/12.3.1/thumb/v7e-m+fp/hard\libgcc.a(_aeabi_uldivmod.o)
                0x080007f8                __aeabi_uldivmod
 .text          0x08000828      0x2bc C:/ST/STM32CubeIDE_1.16.1/STM32CubeIDE/plugins/com.st.stm32cube.ide.mcu.externaltools.gnu-tools-for-stm32.12.3.rel1.win32_1.0.200.202406191623/tools/bin/../lib/gcc/arm-none-eabi/12.3.1/thumb/v7e-m+fp/hard\libgcc.a(_udivmoddi4.o)
                0x08000828                __udivmoddi4
 .text          0x08000ae4        0x4 C:/ST/STM32CubeIDE_1.16.1/STM32CubeIDE/plugins/com.st.stm32cube.ide.mcu.externaltools.gnu-tools-for-stm32.12.3.rel1.win32_1.0.200.202406191623/tools/bin/../lib/gcc/arm-none-eabi/12.3.1/thumb/v7e-m+fp/hard\libgcc.a(_dvmd_tls.o)
                0x08000ae4                __aeabi_idiv0
                0x08000ae4                __aeabi_ldiv0
 *(.text*)
 .text.ServoMotor_Init
                0x08000ae8       0x20 ./Core/Src/ServoMotor.o
                0x08000ae8                ServoMotor_Init
 .text.ServoMotor_Set_Angle
                0x08000b08       0x74 ./Core/Src/ServoMotor.o
                0x08000b08                ServoMotor_Set_Angle
 .text.MX_GPIO_Init
                0x08000b7c       0xf4 ./Core/Src/gpio.o
                0x08000b7c                MX_GPIO_Init
 .text.MX_I2C1_Init
                0x08000c70       0x5c ./Core/Src/i2c.o
                0x08000c70                MX_I2C1_Init
 .text.HAL_I2C_MspInit
                0x08000ccc       0x90 ./Core/Src/i2c.o
                0x08000ccc                HAL_I2C_MspInit
 .text.LCD_Init
                0x08000d5c      0x108 ./Core/Src/liquidcrystal_i2c.o
                0x08000d5c                LCD_Init
 .text.LCD_Clear
                0x08000e64       0x16 ./Core/Src/liquidcrystal_i2c.o
                0x08000e64                LCD_Clear
 .text.LCD_Home
                0x08000e7a       0x16 ./Core/Src/liquidcrystal_i2c.o
                0x08000e7a                LCD_Home
 .text.LCD_SetCursor
                0x08000e90       0x64 ./Core/Src/liquidcrystal_i2c.o
                0x08000e90                LCD_SetCursor
 .text.LCD_Display
                0x08000ef4       0x2c ./Core/Src/liquidcrystal_i2c.o
                0x08000ef4                LCD_Display
 .text.LCD_ScrollDisplayLeft
                0x08000f20        0xe ./Core/Src/liquidcrystal_i2c.o
                0x08000f20                LCD_ScrollDisplayLeft
 .text.LCD_CreateSpecialChar
                0x08000f2e       0x52 ./Core/Src/liquidcrystal_i2c.o
                0x08000f2e                LCD_CreateSpecialChar
 .text.LCD_PrintSpecialChar
                0x08000f80       0x1a ./Core/Src/liquidcrystal_i2c.o
                0x08000f80                LCD_PrintSpecialChar
 .text.LCD_PrintStr
                0x08000f9a       0x2a ./Core/Src/liquidcrystal_i2c.o
                0x08000f9a                LCD_PrintStr
 .text.SendCommand
                0x08000fc4       0x1c ./Core/Src/liquidcrystal_i2c.o
 .text.SendChar
                0x08000fe0       0x1c ./Core/Src/liquidcrystal_i2c.o
 .text.Send     0x08000ffc       0x42 ./Core/Src/liquidcrystal_i2c.o
 .text.Write4Bits
                0x0800103e       0x22 ./Core/Src/liquidcrystal_i2c.o
 .text.ExpanderWrite
                0x08001060       0x38 ./Core/Src/liquidcrystal_i2c.o
 .text.PulseEnable
                0x08001098       0x3a ./Core/Src/liquidcrystal_i2c.o
 *fill*         0x080010d2        0x2 
 .text.DelayInit
                0x080010d4       0x54 ./Core/Src/liquidcrystal_i2c.o
 .text.DelayUS  0x08001128       0x50 ./Core/Src/liquidcrystal_i2c.o
 .text.__NVIC_SystemReset
                0x08001178       0x2c ./Core/Src/main.o
 .text.Display_WelcomeMessage
                0x080011a4       0x70 ./Core/Src/main.o
                0x080011a4                Display_WelcomeMessage
 .text.Display_SelectionMode
                0x08001214      0x108 ./Core/Src/main.o
                0x08001214                Display_SelectionMode
 .text.Deliverer_SetKey
                0x0800131c      0x13c ./Core/Src/main.o
                0x0800131c                Deliverer_SetKey
 .text.main     0x08001458      0x4f8 ./Core/Src/main.o
                0x08001458                main
 .text.SystemClock_Config
                0x08001950       0xd4 ./Core/Src/main.o
                0x08001950                SystemClock_Config
 .text.HAL_GPIO_EXTI_Callback
                0x08001a24      0x354 ./Core/Src/main.o
                0x08001a24                HAL_GPIO_EXTI_Callback
 .text.Error_Handler
                0x08001d78        0xc ./Core/Src/main.o
                0x08001d78                Error_Handler
 .text.HAL_MspInit
                0x08001d84       0x50 ./Core/Src/stm32f4xx_hal_msp.o
                0x08001d84                HAL_MspInit
 .text.NMI_Handler
                0x08001dd4        0x8 ./Core/Src/stm32f4xx_it.o
                0x08001dd4                NMI_Handler
 .text.HardFault_Handler
                0x08001ddc        0x8 ./Core/Src/stm32f4xx_it.o
                0x08001ddc                HardFault_Handler
 .text.MemManage_Handler
                0x08001de4        0x8 ./Core/Src/stm32f4xx_it.o
                0x08001de4                MemManage_Handler
 .text.BusFault_Handler
                0x08001dec        0x8 ./Core/Src/stm32f4xx_it.o
                0x08001dec                BusFault_Handler
 .text.UsageFault_Handler
                0x08001df4        0x8 ./Core/Src/stm32f4xx_it.o
                0x08001df4                UsageFault_Handler
 .text.SVC_Handler
                0x08001dfc        0xe ./Core/Src/stm32f4xx_it.o
                0x08001dfc                SVC_Handler
 .text.DebugMon_Handler
                0x08001e0a        0xe ./Core/Src/stm32f4xx_it.o
                0x08001e0a                DebugMon_Handler
 .text.PendSV_Handler
                0x08001e18        0xe ./Core/Src/stm32f4xx_it.o
                0x08001e18                PendSV_Handler
 .text.SysTick_Handler
                0x08001e26        0xc ./Core/Src/stm32f4xx_it.o
                0x08001e26                SysTick_Handler
 .text.EXTI9_5_IRQHandler
                0x08001e32       0x14 ./Core/Src/stm32f4xx_it.o
                0x08001e32                EXTI9_5_IRQHandler
 .text.EXTI15_10_IRQHandler
                0x08001e46       0x18 ./Core/Src/stm32f4xx_it.o
                0x08001e46                EXTI15_10_IRQHandler
 *fill*         0x08001e5e        0x2 
 .text.SystemInit
                0x08001e60       0x24 ./Core/Src/system_stm32f4xx.o
                0x08001e60                SystemInit
 .text.MX_TIM2_Init
                0x08001e84       0xb0 ./Core/Src/tim.o
                0x08001e84                MX_TIM2_Init
 .text.HAL_TIM_PWM_MspInit
                0x08001f34       0x40 ./Core/Src/tim.o
                0x08001f34                HAL_TIM_PWM_MspInit
 .text.HAL_TIM_MspPostInit
                0x08001f74       0x70 ./Core/Src/tim.o
                0x08001f74                HAL_TIM_MspPostInit
 .text.Reset_Handler
                0x08001fe4       0x50 ./Core/Startup/startup_stm32f401ccux.o
                0x08001fe4                Reset_Handler
 .text.Default_Handler
                0x08002034        0x2 ./Core/Startup/startup_stm32f401ccux.o
                0x08002034                RTC_Alarm_IRQHandler
                0x08002034                EXTI2_IRQHandler
                0x08002034                SPI4_IRQHandler
                0x08002034                TIM1_CC_IRQHandler
                0x08002034                DMA2_Stream5_IRQHandler
                0x08002034                DMA1_Stream5_IRQHandler
                0x08002034                PVD_IRQHandler
                0x08002034                SDIO_IRQHandler
                0x08002034                TAMP_STAMP_IRQHandler
                0x08002034                EXTI3_IRQHandler
                0x08002034                TIM1_UP_TIM10_IRQHandler
                0x08002034                I2C3_ER_IRQHandler
                0x08002034                EXTI0_IRQHandler
                0x08002034                I2C2_EV_IRQHandler
                0x08002034                DMA1_Stream2_IRQHandler
                0x08002034                FPU_IRQHandler
                0x08002034                DMA2_Stream2_IRQHandler
                0x08002034                SPI1_IRQHandler
                0x08002034                TIM1_BRK_TIM9_IRQHandler
                0x08002034                DMA2_Stream3_IRQHandler
                0x08002034                USART6_IRQHandler
                0x08002034                DMA2_Stream0_IRQHandler
                0x08002034                TIM4_IRQHandler
                0x08002034                I2C1_EV_IRQHandler
                0x08002034                DMA1_Stream6_IRQHandler
                0x08002034                DMA1_Stream1_IRQHandler
                0x08002034                TIM3_IRQHandler
                0x08002034                RCC_IRQHandler
                0x08002034                Default_Handler
                0x08002034                ADC_IRQHandler
                0x08002034                DMA1_Stream7_IRQHandler
                0x08002034                TIM5_IRQHandler
                0x08002034                DMA2_Stream7_IRQHandler
                0x08002034                I2C3_EV_IRQHandler
                0x08002034                RTC_WKUP_IRQHandler
                0x08002034                SPI2_IRQHandler
                0x08002034                DMA1_Stream0_IRQHandler
                0x08002034                EXTI4_IRQHandler
                0x08002034                WWDG_IRQHandler
                0x08002034                TIM2_IRQHandler
                0x08002034                OTG_FS_WKUP_IRQHandler
                0x08002034                TIM1_TRG_COM_TIM11_IRQHandler
                0x08002034                EXTI1_IRQHandler
                0x08002034                USART2_IRQHandler
                0x08002034                I2C2_ER_IRQHandler
                0x08002034                DMA2_Stream1_IRQHandler
                0x08002034                FLASH_IRQHandler
                0x08002034                DMA2_Stream4_IRQHandler
                0x08002034                USART1_IRQHandler
                0x08002034                OTG_FS_IRQHandler
                0x08002034                SPI3_IRQHandler
                0x08002034                DMA1_Stream4_IRQHandler
                0x08002034                I2C1_ER_IRQHandler
                0x08002034                DMA2_Stream6_IRQHandler
                0x08002034                DMA1_Stream3_IRQHandler
 *fill*         0x08002036        0x2 
 .text.HAL_Init
                0x08002038       0x44 ./Drivers/STM32F4xx_HAL_Driver/Src/stm32f4xx_hal.o
                0x08002038                HAL_Init
 .text.HAL_InitTick
                0x0800207c       0x60 ./Drivers/STM32F4xx_HAL_Driver/Src/stm32f4xx_hal.o
                0x0800207c                HAL_InitTick
 .text.HAL_IncTick
                0x080020dc       0x28 ./Drivers/STM32F4xx_HAL_Driver/Src/stm32f4xx_hal.o
                0x080020dc                HAL_IncTick
 .text.HAL_GetTick
                0x08002104       0x18 ./Drivers/STM32F4xx_HAL_Driver/Src/stm32f4xx_hal.o
                0x08002104                HAL_GetTick
 .text.HAL_Delay
                0x0800211c       0x48 ./Drivers/STM32F4xx_HAL_Driver/Src/stm32f4xx_hal.o
                0x0800211c                HAL_Delay
 .text.__NVIC_SetPriorityGrouping
                0x08002164       0x48 ./Drivers/STM32F4xx_HAL_Driver/Src/stm32f4xx_hal_cortex.o
 .text.__NVIC_GetPriorityGrouping
                0x080021ac       0x1c ./Drivers/STM32F4xx_HAL_Driver/Src/stm32f4xx_hal_cortex.o
 .text.__NVIC_EnableIRQ
                0x080021c8       0x3c ./Drivers/STM32F4xx_HAL_Driver/Src/stm32f4xx_hal_cortex.o
 .text.__NVIC_SetPriority
                0x08002204       0x54 ./Drivers/STM32F4xx_HAL_Driver/Src/stm32f4xx_hal_cortex.o
 .text.NVIC_EncodePriority
                0x08002258       0x66 ./Drivers/STM32F4xx_HAL_Driver/Src/stm32f4xx_hal_cortex.o
 *fill*         0x080022be        0x2 
 .text.SysTick_Config
                0x080022c0       0x44 ./Drivers/STM32F4xx_HAL_Driver/Src/stm32f4xx_hal_cortex.o
 .text.HAL_NVIC_SetPriorityGrouping
                0x08002304       0x16 ./Drivers/STM32F4xx_HAL_Driver/Src/stm32f4xx_hal_cortex.o
                0x08002304                HAL_NVIC_SetPriorityGrouping
 .text.HAL_NVIC_SetPriority
                0x0800231a       0x38 ./Drivers/STM32F4xx_HAL_Driver/Src/stm32f4xx_hal_cortex.o
                0x0800231a                HAL_NVIC_SetPriority
 .text.HAL_NVIC_EnableIRQ
                0x08002352       0x1c ./Drivers/STM32F4xx_HAL_Driver/Src/stm32f4xx_hal_cortex.o
                0x08002352                HAL_NVIC_EnableIRQ
 .text.HAL_SYSTICK_Config
                0x0800236e       0x18 ./Drivers/STM32F4xx_HAL_Driver/Src/stm32f4xx_hal_cortex.o
                0x0800236e                HAL_SYSTICK_Config
 *fill*         0x08002386        0x2 
 .text.HAL_GPIO_Init
                0x08002388      0x308 ./Drivers/STM32F4xx_HAL_Driver/Src/stm32f4xx_hal_gpio.o
                0x08002388                HAL_GPIO_Init
 .text.HAL_GPIO_ReadPin
                0x08002690       0x30 ./Drivers/STM32F4xx_HAL_Driver/Src/stm32f4xx_hal_gpio.o
                0x08002690                HAL_GPIO_ReadPin
 .text.HAL_GPIO_WritePin
                0x080026c0       0x32 ./Drivers/STM32F4xx_HAL_Driver/Src/stm32f4xx_hal_gpio.o
                0x080026c0                HAL_GPIO_WritePin
 *fill*         0x080026f2        0x2 
 .text.HAL_GPIO_EXTI_IRQHandler
                0x080026f4       0x30 ./Drivers/STM32F4xx_HAL_Driver/Src/stm32f4xx_hal_gpio.o
                0x080026f4                HAL_GPIO_EXTI_IRQHandler
 .text.HAL_I2C_Init
                0x08002724      0x288 ./Drivers/STM32F4xx_HAL_Driver/Src/stm32f4xx_hal_i2c.o
                0x08002724                HAL_I2C_Init
 .text.HAL_I2C_Master_Transmit
                0x080029ac      0x1fc ./Drivers/STM32F4xx_HAL_Driver/Src/stm32f4xx_hal_i2c.o
                0x080029ac                HAL_I2C_Master_Transmit
 .text.I2C_MasterRequestWrite
                0x08002ba8      0x104 ./Drivers/STM32F4xx_HAL_Driver/Src/stm32f4xx_hal_i2c.o
 .text.I2C_WaitOnFlagUntilTimeout
                0x08002cac       0xf4 ./Drivers/STM32F4xx_HAL_Driver/Src/stm32f4xx_hal_i2c.o
 .text.I2C_WaitOnMasterAddressFlagUntilTimeout
                0x08002da0      0x140 ./Drivers/STM32F4xx_HAL_Driver/Src/stm32f4xx_hal_i2c.o
 .text.I2C_WaitOnTXEFlagUntilTimeout
                0x08002ee0       0x90 ./Drivers/STM32F4xx_HAL_Driver/Src/stm32f4xx_hal_i2c.o
 .text.I2C_WaitOnBTFFlagUntilTimeout
                0x08002f70       0x90 ./Drivers/STM32F4xx_HAL_Driver/Src/stm32f4xx_hal_i2c.o
 .text.I2C_IsAcknowledgeFailed
                0x08003000       0x5e ./Drivers/STM32F4xx_HAL_Driver/Src/stm32f4xx_hal_i2c.o
 *fill*         0x0800305e        0x2 
 .text.HAL_RCC_OscConfig
                0x08003060      0x4f0 ./Drivers/STM32F4xx_HAL_Driver/Src/stm32f4xx_hal_rcc.o
                0x08003060                HAL_RCC_OscConfig
 .text.HAL_RCC_ClockConfig
                0x08003550      0x1cc ./Drivers/STM32F4xx_HAL_Driver/Src/stm32f4xx_hal_rcc.o
                0x08003550                HAL_RCC_ClockConfig
 .text.HAL_RCC_GetSysClockFreq
                0x0800371c      0x18c ./Drivers/STM32F4xx_HAL_Driver/Src/stm32f4xx_hal_rcc.o
                0x0800371c                HAL_RCC_GetSysClockFreq
 .text.HAL_RCC_GetHCLKFreq
                0x080038a8       0x18 ./Drivers/STM32F4xx_HAL_Driver/Src/stm32f4xx_hal_rcc.o
                0x080038a8                HAL_RCC_GetHCLKFreq
 .text.HAL_RCC_GetPCLK1Freq
                0x080038c0       0x28 ./Drivers/STM32F4xx_HAL_Driver/Src/stm32f4xx_hal_rcc.o
                0x080038c0                HAL_RCC_GetPCLK1Freq
 .text.HAL_TIM_PWM_Init
                0x080038e8       0x9e ./Drivers/STM32F4xx_HAL_Driver/Src/stm32f4xx_hal_tim.o
                0x080038e8                HAL_TIM_PWM_Init
 *fill*         0x08003986        0x2 
 .text.HAL_TIM_PWM_Start
                0x08003988      0x160 ./Drivers/STM32F4xx_HAL_Driver/Src/stm32f4xx_hal_tim.o
                0x08003988                HAL_TIM_PWM_Start
 .text.HAL_TIM_PWM_ConfigChannel
                0x08003ae8      0x184 ./Drivers/STM32F4xx_HAL_Driver/Src/stm32f4xx_hal_tim.o
                0x08003ae8                HAL_TIM_PWM_ConfigChannel
 .text.TIM_Base_SetConfig
                0x08003c6c      0x118 ./Drivers/STM32F4xx_HAL_Driver/Src/stm32f4xx_hal_tim.o
                0x08003c6c                TIM_Base_SetConfig
 .text.TIM_OC1_SetConfig
                0x08003d84       0xcc ./Drivers/STM32F4xx_HAL_Driver/Src/stm32f4xx_hal_tim.o
 .text.TIM_OC2_SetConfig
                0x08003e50       0xd8 ./Drivers/STM32F4xx_HAL_Driver/Src/stm32f4xx_hal_tim.o
                0x08003e50                TIM_OC2_SetConfig
 .text.TIM_OC3_SetConfig
                0x08003f28       0xd4 ./Drivers/STM32F4xx_HAL_Driver/Src/stm32f4xx_hal_tim.o
 .text.TIM_OC4_SetConfig
                0x08003ffc       0xa0 ./Drivers/STM32F4xx_HAL_Driver/Src/stm32f4xx_hal_tim.o
 .text.TIM_CCxChannelCmd
                0x0800409c       0x4a ./Drivers/STM32F4xx_HAL_Driver/Src/stm32f4xx_hal_tim.o
                0x0800409c                TIM_CCxChannelCmd
 *fill*         0x080040e6        0x2 
 .text.HAL_TIMEx_MasterConfigSynchronization
                0x080040e8       0xdc ./Drivers/STM32F4xx_HAL_Driver/Src/stm32f4xx_hal_tim_ex.o
                0x080040e8                HAL_TIMEx_MasterConfigSynchronization
 .text.memset   0x080041c4       0x10 C:/ST/STM32CubeIDE_1.16.1/STM32CubeIDE/plugins/com.st.stm32cube.ide.mcu.externaltools.gnu-tools-for-stm32.12.3.rel1.win32_1.0.200.202406191623/tools/bin/../lib/gcc/arm-none-eabi/12.3.1/../../../../arm-none-eabi/lib/thumb/v7e-m+fp/hard\libc_nano.a(libc_a-memset.o)
                0x080041c4                memset
 .text.__libc_init_array
                0x080041d4       0x48 C:/ST/STM32CubeIDE_1.16.1/STM32CubeIDE/plugins/com.st.stm32cube.ide.mcu.externaltools.gnu-tools-for-stm32.12.3.rel1.win32_1.0.200.202406191623/tools/bin/../lib/gcc/arm-none-eabi/12.3.1/../../../../arm-none-eabi/lib/thumb/v7e-m+fp/hard\libc_nano.a(libc_a-init.o)
                0x080041d4                __libc_init_array
 .text.strcpy   0x0800421c       0x10 C:/ST/STM32CubeIDE_1.16.1/STM32CubeIDE/plugins/com.st.stm32cube.ide.mcu.externaltools.gnu-tools-for-stm32.12.3.rel1.win32_1.0.200.202406191623/tools/bin/../lib/gcc/arm-none-eabi/12.3.1/../../../../arm-none-eabi/lib/thumb/v7e-m+fp/hard\libc_nano.a(libc_a-strcpy.o)
                0x0800421c                strcpy
 *(.glue_7)
 .glue_7        0x0800422c        0x0 linker stubs
 *(.glue_7t)
 .glue_7t       0x0800422c        0x0 linker stubs
 *(.eh_frame)
 .eh_frame      0x0800422c        0x0 C:/ST/STM32CubeIDE_1.16.1/STM32CubeIDE/plugins/com.st.stm32cube.ide.mcu.externaltools.gnu-tools-for-stm32.12.3.rel1.win32_1.0.200.202406191623/tools/bin/../lib/gcc/arm-none-eabi/12.3.1/thumb/v7e-m+fp/hard/crtbegin.o
 *(.init)
 .init          0x0800422c        0x4 C:/ST/STM32CubeIDE_1.16.1/STM32CubeIDE/plugins/com.st.stm32cube.ide.mcu.externaltools.gnu-tools-for-stm32.12.3.rel1.win32_1.0.200.202406191623/tools/bin/../lib/gcc/arm-none-eabi/12.3.1/thumb/v7e-m+fp/hard/crti.o
                0x0800422c                _init
 .init          0x08004230        0x8 C:/ST/STM32CubeIDE_1.16.1/STM32CubeIDE/plugins/com.st.stm32cube.ide.mcu.externaltools.gnu-tools-for-stm32.12.3.rel1.win32_1.0.200.202406191623/tools/bin/../lib/gcc/arm-none-eabi/12.3.1/thumb/v7e-m+fp/hard/crtn.o
 *(.fini)
 .fini          0x08004238        0x4 C:/ST/STM32CubeIDE_1.16.1/STM32CubeIDE/plugins/com.st.stm32cube.ide.mcu.externaltools.gnu-tools-for-stm32.12.3.rel1.win32_1.0.200.202406191623/tools/bin/../lib/gcc/arm-none-eabi/12.3.1/thumb/v7e-m+fp/hard/crti.o
                0x08004238                _fini
 .fini          0x0800423c        0x8 C:/ST/STM32CubeIDE_1.16.1/STM32CubeIDE/plugins/com.st.stm32cube.ide.mcu.externaltools.gnu-tools-for-stm32.12.3.rel1.win32_1.0.200.202406191623/tools/bin/../lib/gcc/arm-none-eabi/12.3.1/thumb/v7e-m+fp/hard/crtn.o
                0x08004244                        . = ALIGN (0x4)
                0x08004244                        _etext = .

.vfp11_veneer   0x08004244        0x0
 .vfp11_veneer  0x08004244        0x0 linker stubs

.v4_bx          0x08004244        0x0
 .v4_bx         0x08004244        0x0 linker stubs

.iplt           0x08004244        0x0
 .iplt          0x08004244        0x0 C:/ST/STM32CubeIDE_1.16.1/STM32CubeIDE/plugins/com.st.stm32cube.ide.mcu.externaltools.gnu-tools-for-stm32.12.3.rel1.win32_1.0.200.202406191623/tools/bin/../lib/gcc/arm-none-eabi/12.3.1/thumb/v7e-m+fp/hard/crtbegin.o

.rodata         0x08004244      0x1f0
                0x08004244                        . = ALIGN (0x4)
 *(.rodata)
 .rodata        0x08004244       0x10 ./Core/Src/liquidcrystal_i2c.o
 .rodata        0x08004254      0x1c5 ./Core/Src/main.o
 *(.rodata*)
 *fill*         0x08004419        0x3 
 .rodata.AHBPrescTable
                0x0800441c       0x10 ./Core/Src/system_stm32f4xx.o
                0x0800441c                AHBPrescTable
 .rodata.APBPrescTable
                0x0800442c        0x8 ./Core/Src/system_stm32f4xx.o
                0x0800442c                APBPrescTable
                0x08004434                        . = ALIGN (0x4)

.ARM.extab      0x08004434        0x0
                0x08004434                        . = ALIGN (0x4)
 *(.ARM.extab* .gnu.linkonce.armextab.*)
                0x08004434                        . = ALIGN (0x4)

.ARM            0x08004434        0x8
                0x08004434                        . = ALIGN (0x4)
                0x08004434                        __exidx_start = .
 *(.ARM.exidx*)
 .ARM.exidx     0x08004434        0x8 C:/ST/STM32CubeIDE_1.16.1/STM32CubeIDE/plugins/com.st.stm32cube.ide.mcu.externaltools.gnu-tools-for-stm32.12.3.rel1.win32_1.0.200.202406191623/tools/bin/../lib/gcc/arm-none-eabi/12.3.1/../../../../arm-none-eabi/lib/thumb/v7e-m+fp/hard\libc_nano.a(libc_a-strcmp.o)
 .ARM.exidx     0x0800443c        0x0 C:/ST/STM32CubeIDE_1.16.1/STM32CubeIDE/plugins/com.st.stm32cube.ide.mcu.externaltools.gnu-tools-for-stm32.12.3.rel1.win32_1.0.200.202406191623/tools/bin/../lib/gcc/arm-none-eabi/12.3.1/thumb/v7e-m+fp/hard\libgcc.a(_udivmoddi4.o)
                                  0x8 (size before relaxing)
                0x0800443c                        __exidx_end = .
                0x0800443c                        . = ALIGN (0x4)

.preinit_array  0x0800443c        0x0
                0x0800443c                        . = ALIGN (0x4)
                0x0800443c                        PROVIDE (__preinit_array_start = .)
 *(.preinit_array*)
                0x0800443c                        PROVIDE (__preinit_array_end = .)
                0x0800443c                        . = ALIGN (0x4)

.init_array     0x0800443c        0x4
                0x0800443c                        . = ALIGN (0x4)
                0x0800443c                        PROVIDE (__init_array_start = .)
 *(SORT_BY_NAME(.init_array.*))
 *(.init_array*)
 .init_array    0x0800443c        0x4 C:/ST/STM32CubeIDE_1.16.1/STM32CubeIDE/plugins/com.st.stm32cube.ide.mcu.externaltools.gnu-tools-for-stm32.12.3.rel1.win32_1.0.200.202406191623/tools/bin/../lib/gcc/arm-none-eabi/12.3.1/thumb/v7e-m+fp/hard/crtbegin.o
                0x08004440                        PROVIDE (__init_array_end = .)
                0x08004440                        . = ALIGN (0x4)

.fini_array     0x08004440        0x4
                0x08004440                        . = ALIGN (0x4)
                [!provide]                        PROVIDE (__fini_array_start = .)
 *(SORT_BY_NAME(.fini_array.*))
 *(.fini_array*)
 .fini_array    0x08004440        0x4 C:/ST/STM32CubeIDE_1.16.1/STM32CubeIDE/plugins/com.st.stm32cube.ide.mcu.externaltools.gnu-tools-for-stm32.12.3.rel1.win32_1.0.200.202406191623/tools/bin/../lib/gcc/arm-none-eabi/12.3.1/thumb/v7e-m+fp/hard/crtbegin.o
                [!provide]                        PROVIDE (__fini_array_end = .)
                0x08004444                        . = ALIGN (0x4)
                0x08004444                        _sidata = LOADADDR (.data)

.rel.dyn        0x08004444        0x0
 .rel.iplt      0x08004444        0x0 C:/ST/STM32CubeIDE_1.16.1/STM32CubeIDE/plugins/com.st.stm32cube.ide.mcu.externaltools.gnu-tools-for-stm32.12.3.rel1.win32_1.0.200.202406191623/tools/bin/../lib/gcc/arm-none-eabi/12.3.1/thumb/v7e-m+fp/hard/crtbegin.o

.data           0x20000000       0x1c load address 0x08004444
                0x20000000                        . = ALIGN (0x4)
                0x20000000                        _sdata = .
 *(.data)
 *(.data*)
 .data.special1
                0x20000000        0x8 ./Core/Src/liquidcrystal_i2c.o
                0x20000000                special1
 .data.special2
                0x20000008        0x8 ./Core/Src/liquidcrystal_i2c.o
                0x20000008                special2
 .data.SystemCoreClock
                0x20000010        0x4 ./Core/Src/system_stm32f4xx.o
                0x20000010                SystemCoreClock
 .data.uwTickPrio
                0x20000014        0x4 ./Drivers/STM32F4xx_HAL_Driver/Src/stm32f4xx_hal.o
                0x20000014                uwTickPrio
 .data.uwTickFreq
                0x20000018        0x1 ./Drivers/STM32F4xx_HAL_Driver/Src/stm32f4xx_hal.o
                0x20000018                uwTickFreq
 *(.RamFunc)
 *(.RamFunc*)
                0x2000001c                        . = ALIGN (0x4)
 *fill*         0x20000019        0x3 
                0x2000001c                        _edata = .

.igot.plt       0x2000001c        0x0 load address 0x08004460
 .igot.plt      0x2000001c        0x0 C:/ST/STM32CubeIDE_1.16.1/STM32CubeIDE/plugins/com.st.stm32cube.ide.mcu.externaltools.gnu-tools-for-stm32.12.3.rel1.win32_1.0.200.202406191623/tools/bin/../lib/gcc/arm-none-eabi/12.3.1/thumb/v7e-m+fp/hard/crtbegin.o
                0x2000001c                        . = ALIGN (0x4)

.bss            0x2000001c       0xe4 load address 0x08004460
                0x2000001c                        _sbss = .
                0x2000001c                        __bss_start__ = _sbss
 *(.bss)
 .bss           0x2000001c       0x1c C:/ST/STM32CubeIDE_1.16.1/STM32CubeIDE/plugins/com.st.stm32cube.ide.mcu.externaltools.gnu-tools-for-stm32.12.3.rel1.win32_1.0.200.202406191623/tools/bin/../lib/gcc/arm-none-eabi/12.3.1/thumb/v7e-m+fp/hard/crtbegin.o
 *(.bss*)
 .bss.hi2c1     0x20000038       0x54 ./Core/Src/i2c.o
                0x20000038                hi2c1
 .bss.dpFunction
                0x2000008c        0x1 ./Core/Src/liquidcrystal_i2c.o
                0x2000008c                dpFunction
 .bss.dpControl
                0x2000008d        0x1 ./Core/Src/liquidcrystal_i2c.o
                0x2000008d                dpControl
 .bss.dpMode    0x2000008e        0x1 ./Core/Src/liquidcrystal_i2c.o
                0x2000008e                dpMode
 .bss.dpRows    0x2000008f        0x1 ./Core/Src/liquidcrystal_i2c.o
                0x2000008f                dpRows
 .bss.dpBacklight
                0x20000090        0x1 ./Core/Src/liquidcrystal_i2c.o
                0x20000090                dpBacklight
 *fill*         0x20000091        0x3 
 .bss.GPIO_InitStructPrivate
                0x20000094       0x14 ./Core/Src/main.o
                0x20000094                GPIO_InitStructPrivate
 .bss.previousMillis
                0x200000a8        0x4 ./Core/Src/main.o
                0x200000a8                previousMillis
 .bss.currentMillis
                0x200000ac        0x4 ./Core/Src/main.o
                0x200000ac                currentMillis
 .bss.keyPressed
                0x200000b0        0x1 ./Core/Src/main.o
                0x200000b0                keyPressed
 *fill*         0x200000b1        0x3 
 .bss.htim2     0x200000b4       0x48 ./Core/Src/tim.o
                0x200000b4                htim2
 .bss.uwTick    0x200000fc        0x4 ./Drivers/STM32F4xx_HAL_Driver/Src/stm32f4xx_hal.o
                0x200000fc                uwTick
 *(COMMON)
                0x20000100                        . = ALIGN (0x4)
                0x20000100                        _ebss = .
                0x20000100                        __bss_end__ = _ebss

._user_heap_stack
                0x20000100      0x600 load address 0x08004460
                0x20000100                        . = ALIGN (0x8)
                [!provide]                        PROVIDE (end = .)
                0x20000100                        PROVIDE (_end = .)
                0x20000300                        . = (. + _Min_Heap_Size)
 *fill*         0x20000100      0x200 
                0x20000700                        . = (. + _Min_Stack_Size)
 *fill*         0x20000300      0x400 
                0x20000700                        . = ALIGN (0x8)

/DISCARD/
 libc.a(*)
 libm.a(*)
 libgcc.a(*)

.ARM.attributes
                0x00000000       0x30
 *(.ARM.attributes)
 .ARM.attributes
                0x00000000       0x22 C:/ST/STM32CubeIDE_1.16.1/STM32CubeIDE/plugins/com.st.stm32cube.ide.mcu.externaltools.gnu-tools-for-stm32.12.3.rel1.win32_1.0.200.202406191623/tools/bin/../lib/gcc/arm-none-eabi/12.3.1/thumb/v7e-m+fp/hard/crti.o
 .ARM.attributes
                0x00000022       0x34 C:/ST/STM32CubeIDE_1.16.1/STM32CubeIDE/plugins/com.st.stm32cube.ide.mcu.externaltools.gnu-tools-for-stm32.12.3.rel1.win32_1.0.200.202406191623/tools/bin/../lib/gcc/arm-none-eabi/12.3.1/thumb/v7e-m+fp/hard/crtbegin.o
 .ARM.attributes
                0x00000056       0x34 ./Core/Src/ServoMotor.o
 .ARM.attributes
                0x0000008a       0x34 ./Core/Src/gpio.o
 .ARM.attributes
                0x000000be       0x34 ./Core/Src/i2c.o
 .ARM.attributes
                0x000000f2       0x34 ./Core/Src/liquidcrystal_i2c.o
 .ARM.attributes
                0x00000126       0x34 ./Core/Src/main.o
 .ARM.attributes
                0x0000015a       0x34 ./Core/Src/stm32f4xx_hal_msp.o
 .ARM.attributes
                0x0000018e       0x34 ./Core/Src/stm32f4xx_it.o
 .ARM.attributes
                0x000001c2       0x34 ./Core/Src/system_stm32f4xx.o
 .ARM.attributes
                0x000001f6       0x34 ./Core/Src/tim.o
 .ARM.attributes
                0x0000022a       0x21 ./Core/Startup/startup_stm32f401ccux.o
 .ARM.attributes
                0x0000024b       0x34 ./Drivers/STM32F4xx_HAL_Driver/Src/stm32f4xx_hal.o
 .ARM.attributes
                0x0000027f       0x34 ./Drivers/STM32F4xx_HAL_Driver/Src/stm32f4xx_hal_cortex.o
 .ARM.attributes
                0x000002b3       0x34 ./Drivers/STM32F4xx_HAL_Driver/Src/stm32f4xx_hal_gpio.o
 .ARM.attributes
                0x000002e7       0x34 ./Drivers/STM32F4xx_HAL_Driver/Src/stm32f4xx_hal_i2c.o
 .ARM.attributes
                0x0000031b       0x34 ./Drivers/STM32F4xx_HAL_Driver/Src/stm32f4xx_hal_rcc.o
 .ARM.attributes
                0x0000034f       0x34 ./Drivers/STM32F4xx_HAL_Driver/Src/stm32f4xx_hal_tim.o
 .ARM.attributes
                0x00000383       0x34 ./Drivers/STM32F4xx_HAL_Driver/Src/stm32f4xx_hal_tim_ex.o
 .ARM.attributes
                0x000003b7       0x34 C:/ST/STM32CubeIDE_1.16.1/STM32CubeIDE/plugins/com.st.stm32cube.ide.mcu.externaltools.gnu-tools-for-stm32.12.3.rel1.win32_1.0.200.202406191623/tools/bin/../lib/gcc/arm-none-eabi/12.3.1/../../../../arm-none-eabi/lib/thumb/v7e-m+fp/hard\libc_nano.a(libc_a-memset.o)
 .ARM.attributes
                0x000003eb       0x34 C:/ST/STM32CubeIDE_1.16.1/STM32CubeIDE/plugins/com.st.stm32cube.ide.mcu.externaltools.gnu-tools-for-stm32.12.3.rel1.win32_1.0.200.202406191623/tools/bin/../lib/gcc/arm-none-eabi/12.3.1/../../../../arm-none-eabi/lib/thumb/v7e-m+fp/hard\libc_nano.a(libc_a-init.o)
 .ARM.attributes
                0x0000041f       0x20 C:/ST/STM32CubeIDE_1.16.1/STM32CubeIDE/plugins/com.st.stm32cube.ide.mcu.externaltools.gnu-tools-for-stm32.12.3.rel1.win32_1.0.200.202406191623/tools/bin/../lib/gcc/arm-none-eabi/12.3.1/../../../../arm-none-eabi/lib/thumb/v7e-m+fp/hard\libc_nano.a(libc_a-strcmp.o)
 .ARM.attributes
                0x0000043f       0x34 C:/ST/STM32CubeIDE_1.16.1/STM32CubeIDE/plugins/com.st.stm32cube.ide.mcu.externaltools.gnu-tools-for-stm32.12.3.rel1.win32_1.0.200.202406191623/tools/bin/../lib/gcc/arm-none-eabi/12.3.1/../../../../arm-none-eabi/lib/thumb/v7e-m+fp/hard\libc_nano.a(libc_a-strcpy.o)
 .ARM.attributes
                0x00000473       0x22 C:/ST/STM32CubeIDE_1.16.1/STM32CubeIDE/plugins/com.st.stm32cube.ide.mcu.externaltools.gnu-tools-for-stm32.12.3.rel1.win32_1.0.200.202406191623/tools/bin/../lib/gcc/arm-none-eabi/12.3.1/thumb/v7e-m+fp/hard\libgcc.a(_arm_muldf3.o)
 .ARM.attributes
                0x00000495       0x22 C:/ST/STM32CubeIDE_1.16.1/STM32CubeIDE/plugins/com.st.stm32cube.ide.mcu.externaltools.gnu-tools-for-stm32.12.3.rel1.win32_1.0.200.202406191623/tools/bin/../lib/gcc/arm-none-eabi/12.3.1/thumb/v7e-m+fp/hard\libgcc.a(_arm_addsubdf3.o)
 .ARM.attributes
                0x000004b7       0x22 C:/ST/STM32CubeIDE_1.16.1/STM32CubeIDE/plugins/com.st.stm32cube.ide.mcu.externaltools.gnu-tools-for-stm32.12.3.rel1.win32_1.0.200.202406191623/tools/bin/../lib/gcc/arm-none-eabi/12.3.1/thumb/v7e-m+fp/hard\libgcc.a(_arm_fixunsdfsi.o)
 .ARM.attributes
                0x000004d9       0x22 C:/ST/STM32CubeIDE_1.16.1/STM32CubeIDE/plugins/com.st.stm32cube.ide.mcu.externaltools.gnu-tools-for-stm32.12.3.rel1.win32_1.0.200.202406191623/tools/bin/../lib/gcc/arm-none-eabi/12.3.1/thumb/v7e-m+fp/hard\libgcc.a(_aeabi_uldivmod.o)
 .ARM.attributes
                0x000004fb       0x34 C:/ST/STM32CubeIDE_1.16.1/STM32CubeIDE/plugins/com.st.stm32cube.ide.mcu.externaltools.gnu-tools-for-stm32.12.3.rel1.win32_1.0.200.202406191623/tools/bin/../lib/gcc/arm-none-eabi/12.3.1/thumb/v7e-m+fp/hard\libgcc.a(_udivmoddi4.o)
 .ARM.attributes
                0x0000052f       0x22 C:/ST/STM32CubeIDE_1.16.1/STM32CubeIDE/plugins/com.st.stm32cube.ide.mcu.externaltools.gnu-tools-for-stm32.12.3.rel1.win32_1.0.200.202406191623/tools/bin/../lib/gcc/arm-none-eabi/12.3.1/thumb/v7e-m+fp/hard\libgcc.a(_dvmd_tls.o)
 .ARM.attributes
                0x00000551       0x22 C:/ST/STM32CubeIDE_1.16.1/STM32CubeIDE/plugins/com.st.stm32cube.ide.mcu.externaltools.gnu-tools-for-stm32.12.3.rel1.win32_1.0.200.202406191623/tools/bin/../lib/gcc/arm-none-eabi/12.3.1/thumb/v7e-m+fp/hard/crtn.o
OUTPUT(FoodSafeTest1.elf elf32-littlearm)
LOAD linker stubs
LOAD C:/ST/STM32CubeIDE_1.16.1/STM32CubeIDE/plugins/com.st.stm32cube.ide.mcu.externaltools.gnu-tools-for-stm32.12.3.rel1.win32_1.0.200.202406191623/tools/bin/../lib/gcc/arm-none-eabi/12.3.1/../../../../arm-none-eabi/lib/thumb/v7e-m+fp/hard\libc.a
LOAD C:/ST/STM32CubeIDE_1.16.1/STM32CubeIDE/plugins/com.st.stm32cube.ide.mcu.externaltools.gnu-tools-for-stm32.12.3.rel1.win32_1.0.200.202406191623/tools/bin/../lib/gcc/arm-none-eabi/12.3.1/../../../../arm-none-eabi/lib/thumb/v7e-m+fp/hard\libm.a
LOAD C:/ST/STM32CubeIDE_1.16.1/STM32CubeIDE/plugins/com.st.stm32cube.ide.mcu.externaltools.gnu-tools-for-stm32.12.3.rel1.win32_1.0.200.202406191623/tools/bin/../lib/gcc/arm-none-eabi/12.3.1/thumb/v7e-m+fp/hard\libgcc.a

.debug_info     0x00000000     0xcc4a
 .debug_info    0x00000000      0x6bb ./Core/Src/ServoMotor.o
 .debug_info    0x000006bb      0x5be ./Core/Src/gpio.o
 .debug_info    0x00000c79      0x9a5 ./Core/Src/i2c.o
 .debug_info    0x0000161e      0xc6b ./Core/Src/liquidcrystal_i2c.o
 .debug_info    0x00002289      0xcbd ./Core/Src/main.o
 .debug_info    0x00002f46      0x291 ./Core/Src/stm32f4xx_hal_msp.o
 .debug_info    0x000031d7      0x15a ./Core/Src/stm32f4xx_it.o
 .debug_info    0x00003331      0x53e ./Core/Src/system_stm32f4xx.o
 .debug_info    0x0000386f      0xb80 ./Core/Src/tim.o
 .debug_info    0x000043ef       0x30 ./Core/Startup/startup_stm32f401ccux.o
 .debug_info    0x0000441f      0x8bb ./Drivers/STM32F4xx_HAL_Driver/Src/stm32f4xx_hal.o
 .debug_info    0x00004cda      0xcf6 ./Drivers/STM32F4xx_HAL_Driver/Src/stm32f4xx_hal_cortex.o
 .debug_info    0x000059d0      0x6f9 ./Drivers/STM32F4xx_HAL_Driver/Src/stm32f4xx_hal_gpio.o
 .debug_info    0x000060c9     0x2426 ./Drivers/STM32F4xx_HAL_Driver/Src/stm32f4xx_hal_i2c.o
 .debug_info    0x000084ef      0x8f1 ./Drivers/STM32F4xx_HAL_Driver/Src/stm32f4xx_hal_rcc.o
 .debug_info    0x00008de0     0x2996 ./Drivers/STM32F4xx_HAL_Driver/Src/stm32f4xx_hal_tim.o
 .debug_info    0x0000b776     0x14d4 ./Drivers/STM32F4xx_HAL_Driver/Src/stm32f4xx_hal_tim_ex.o

.debug_abbrev   0x00000000     0x2168
 .debug_abbrev  0x00000000      0x1a3 ./Core/Src/ServoMotor.o
 .debug_abbrev  0x000001a3      0x173 ./Core/Src/gpio.o
 .debug_abbrev  0x00000316      0x1f0 ./Core/Src/i2c.o
 .debug_abbrev  0x00000506      0x2de ./Core/Src/liquidcrystal_i2c.o
 .debug_abbrev  0x000007e4      0x2e7 ./Core/Src/main.o
 .debug_abbrev  0x00000acb       0xd8 ./Core/Src/stm32f4xx_hal_msp.o
 .debug_abbrev  0x00000ba3       0xa0 ./Core/Src/stm32f4xx_it.o
 .debug_abbrev  0x00000c43      0x11a ./Core/Src/system_stm32f4xx.o
 .debug_abbrev  0x00000d5d      0x219 ./Core/Src/tim.o
 .debug_abbrev  0x00000f76       0x24 ./Core/Startup/startup_stm32f401ccux.o
 .debug_abbrev  0x00000f9a      0x24b ./Drivers/STM32F4xx_HAL_Driver/Src/stm32f4xx_hal.o
 .debug_abbrev  0x000011e5      0x31d ./Drivers/STM32F4xx_HAL_Driver/Src/stm32f4xx_hal_cortex.o
 .debug_abbrev  0x00001502      0x1d3 ./Drivers/STM32F4xx_HAL_Driver/Src/stm32f4xx_hal_gpio.o
 .debug_abbrev  0x000016d5      0x2bc ./Drivers/STM32F4xx_HAL_Driver/Src/stm32f4xx_hal_i2c.o
 .debug_abbrev  0x00001991      0x2b6 ./Drivers/STM32F4xx_HAL_Driver/Src/stm32f4xx_hal_rcc.o
 .debug_abbrev  0x00001c47      0x28b ./Drivers/STM32F4xx_HAL_Driver/Src/stm32f4xx_hal_tim.o
 .debug_abbrev  0x00001ed2      0x296 ./Drivers/STM32F4xx_HAL_Driver/Src/stm32f4xx_hal_tim_ex.o

.debug_aranges  0x00000000      0xdd8
 .debug_aranges
                0x00000000       0x28 ./Core/Src/ServoMotor.o
 .debug_aranges
                0x00000028       0x20 ./Core/Src/gpio.o
 .debug_aranges
                0x00000048       0x30 ./Core/Src/i2c.o
 .debug_aranges
                0x00000078      0x110 ./Core/Src/liquidcrystal_i2c.o
 .debug_aranges
                0x00000188       0x58 ./Core/Src/main.o
 .debug_aranges
                0x000001e0       0x20 ./Core/Src/stm32f4xx_hal_msp.o
 .debug_aranges
                0x00000200       0x70 ./Core/Src/stm32f4xx_it.o
 .debug_aranges
                0x00000270       0x28 ./Core/Src/system_stm32f4xx.o
 .debug_aranges
                0x00000298       0x38 ./Core/Src/tim.o
 .debug_aranges
                0x000002d0       0x28 ./Core/Startup/startup_stm32f401ccux.o
 .debug_aranges
                0x000002f8       0xf0 ./Drivers/STM32F4xx_HAL_Driver/Src/stm32f4xx_hal.o
 .debug_aranges
                0x000003e8      0x130 ./Drivers/STM32F4xx_HAL_Driver/Src/stm32f4xx_hal_cortex.o
 .debug_aranges
                0x00000518       0x58 ./Drivers/STM32F4xx_HAL_Driver/Src/stm32f4xx_hal_gpio.o
 .debug_aranges
                0x00000570      0x2a8 ./Drivers/STM32F4xx_HAL_Driver/Src/stm32f4xx_hal_i2c.o
 .debug_aranges
                0x00000818       0x88 ./Drivers/STM32F4xx_HAL_Driver/Src/stm32f4xx_hal_rcc.o
 .debug_aranges
                0x000008a0      0x3d0 ./Drivers/STM32F4xx_HAL_Driver/Src/stm32f4xx_hal_tim.o
 .debug_aranges
                0x00000c70      0x168 ./Drivers/STM32F4xx_HAL_Driver/Src/stm32f4xx_hal_tim_ex.o

.debug_rnglists
                0x00000000      0xac1
 .debug_rnglists
                0x00000000       0x19 ./Core/Src/ServoMotor.o
 .debug_rnglists
                0x00000019       0x14 ./Core/Src/gpio.o
 .debug_rnglists
                0x0000002d       0x20 ./Core/Src/i2c.o
 .debug_rnglists
                0x0000004d       0xc8 ./Core/Src/liquidcrystal_i2c.o
 .debug_rnglists
                0x00000115       0x42 ./Core/Src/main.o
 .debug_rnglists
                0x00000157       0x13 ./Core/Src/stm32f4xx_hal_msp.o
 .debug_rnglists
                0x0000016a       0x4f ./Core/Src/stm32f4xx_it.o
 .debug_rnglists
                0x000001b9       0x1a ./Core/Src/system_stm32f4xx.o
 .debug_rnglists
                0x000001d3       0x26 ./Core/Src/tim.o
 .debug_rnglists
                0x000001f9       0x19 ./Core/Startup/startup_stm32f401ccux.o
 .debug_rnglists
                0x00000212       0xaf ./Drivers/STM32F4xx_HAL_Driver/Src/stm32f4xx_hal.o
 .debug_rnglists
                0x000002c1       0xe0 ./Drivers/STM32F4xx_HAL_Driver/Src/stm32f4xx_hal_cortex.o
 .debug_rnglists
                0x000003a1       0x3f ./Drivers/STM32F4xx_HAL_Driver/Src/stm32f4xx_hal_gpio.o
 .debug_rnglists
                0x000003e0      0x23c ./Drivers/STM32F4xx_HAL_Driver/Src/stm32f4xx_hal_i2c.o
 .debug_rnglists
                0x0000061c       0x66 ./Drivers/STM32F4xx_HAL_Driver/Src/stm32f4xx_hal_rcc.o
 .debug_rnglists
                0x00000682      0x31a ./Drivers/STM32F4xx_HAL_Driver/Src/stm32f4xx_hal_tim.o
 .debug_rnglists
                0x0000099c      0x125 ./Drivers/STM32F4xx_HAL_Driver/Src/stm32f4xx_hal_tim_ex.o

.debug_macro    0x00000000    0x169b0
 .debug_macro   0x00000000      0x1ec ./Core/Src/ServoMotor.o
 .debug_macro   0x000001ec      0xab4 ./Core/Src/ServoMotor.o
 .debug_macro   0x00000ca0      0x29b ./Core/Src/ServoMotor.o
 .debug_macro   0x00000f3b       0x2e ./Core/Src/ServoMotor.o
 .debug_macro   0x00000f69       0x28 ./Core/Src/ServoMotor.o
 .debug_macro   0x00000f91       0x22 ./Core/Src/ServoMotor.o
 .debug_macro   0x00000fb3       0x8e ./Core/Src/ServoMotor.o
 .debug_macro   0x00001041       0x51 ./Core/Src/ServoMotor.o
 .debug_macro   0x00001092      0x103 ./Core/Src/ServoMotor.o
 .debug_macro   0x00001195       0x6a ./Core/Src/ServoMotor.o
 .debug_macro   0x000011ff      0x1df ./Core/Src/ServoMotor.o
 .debug_macro   0x000013de       0x1c ./Core/Src/ServoMotor.o
 .debug_macro   0x000013fa       0x22 ./Core/Src/ServoMotor.o
 .debug_macro   0x0000141c       0xfb ./Core/Src/ServoMotor.o
 .debug_macro   0x00001517     0x1011 ./Core/Src/ServoMotor.o
 .debug_macro   0x00002528      0x11f ./Core/Src/ServoMotor.o
 .debug_macro   0x00002647     0xb86c ./Core/Src/ServoMotor.o
 .debug_macro   0x0000deb3       0x6d ./Core/Src/ServoMotor.o
 .debug_macro   0x0000df20     0x369a ./Core/Src/ServoMotor.o
 .debug_macro   0x000115ba      0x189 ./Core/Src/ServoMotor.o
 .debug_macro   0x00011743       0x5c ./Core/Src/ServoMotor.o
 .debug_macro   0x0001179f      0x416 ./Core/Src/ServoMotor.o
 .debug_macro   0x00011bb5      0x9e9 ./Core/Src/ServoMotor.o
 .debug_macro   0x0001259e      0x115 ./Core/Src/ServoMotor.o
 .debug_macro   0x000126b3       0xf8 ./Core/Src/ServoMotor.o
 .debug_macro   0x000127ab       0xa5 ./Core/Src/ServoMotor.o
 .debug_macro   0x00012850      0x15f ./Core/Src/ServoMotor.o
 .debug_macro   0x000129af      0x287 ./Core/Src/ServoMotor.o
 .debug_macro   0x00012c36       0x5f ./Core/Src/ServoMotor.o
 .debug_macro   0x00012c95      0x236 ./Core/Src/ServoMotor.o
 .debug_macro   0x00012ecb      0x132 ./Core/Src/ServoMotor.o
 .debug_macro   0x00012ffd      0x23a ./Core/Src/ServoMotor.o
 .debug_macro   0x00013237       0x2e ./Core/Src/ServoMotor.o
 .debug_macro   0x00013265      0x1b5 ./Core/Src/ServoMotor.o
 .debug_macro   0x0001341a       0x22 ./Core/Src/ServoMotor.o
 .debug_macro   0x0001343c       0xd6 ./Core/Src/ServoMotor.o
 .debug_macro   0x00013512      0x127 ./Core/Src/ServoMotor.o
 .debug_macro   0x00013639       0x85 ./Core/Src/ServoMotor.o
 .debug_macro   0x000136be       0x89 ./Core/Src/ServoMotor.o
 .debug_macro   0x00013747      0x8ed ./Core/Src/ServoMotor.o
 .debug_macro   0x00014034       0x47 ./Core/Src/ServoMotor.o
 .debug_macro   0x0001407b      0x126 ./Core/Src/ServoMotor.o
 .debug_macro   0x000141a1       0x1c ./Core/Src/ServoMotor.o
 .debug_macro   0x000141bd      0x1f1 ./Core/Src/gpio.o
 .debug_macro   0x000143ae      0x1f1 ./Core/Src/i2c.o
 .debug_macro   0x0001459f      0x1ec ./Core/Src/liquidcrystal_i2c.o
 .debug_macro   0x0001478b       0xd0 ./Core/Src/liquidcrystal_i2c.o
 .debug_macro   0x0001485b      0x2ed ./Core/Src/main.o
 .debug_macro   0x00014b48       0xd6 ./Core/Src/main.o
 .debug_macro   0x00014c1e       0x61 ./Core/Src/main.o
 .debug_macro   0x00014c7f       0x2a ./Core/Src/main.o
 .debug_macro   0x00014ca9       0x43 ./Core/Src/main.o
 .debug_macro   0x00014cec       0x34 ./Core/Src/main.o
 .debug_macro   0x00014d20       0x16 ./Core/Src/main.o
 .debug_macro   0x00014d36       0x43 ./Core/Src/main.o
 .debug_macro   0x00014d79       0x34 ./Core/Src/main.o
 .debug_macro   0x00014dad       0x10 ./Core/Src/main.o
 .debug_macro   0x00014dbd       0x58 ./Core/Src/main.o
 .debug_macro   0x00014e15       0x8e ./Core/Src/main.o
 .debug_macro   0x00014ea3       0x1c ./Core/Src/main.o
 .debug_macro   0x00014ebf      0x177 ./Core/Src/main.o
 .debug_macro   0x00015036      0x369 ./Core/Src/main.o
 .debug_macro   0x0001539f       0x10 ./Core/Src/main.o
 .debug_macro   0x000153af       0x35 ./Core/Src/main.o
 .debug_macro   0x000153e4       0x20 ./Core/Src/main.o
 .debug_macro   0x00015404       0x22 ./Core/Src/main.o
 .debug_macro   0x00015426      0x1e7 ./Core/Src/stm32f4xx_hal_msp.o
 .debug_macro   0x0001560d      0x1f1 ./Core/Src/stm32f4xx_it.o
 .debug_macro   0x000157fe      0x1dd ./Core/Src/system_stm32f4xx.o
 .debug_macro   0x000159db      0x1f1 ./Core/Src/tim.o
 .debug_macro   0x00015bcc      0x23d ./Drivers/STM32F4xx_HAL_Driver/Src/stm32f4xx_hal.o
 .debug_macro   0x00015e09      0x1dd ./Drivers/STM32F4xx_HAL_Driver/Src/stm32f4xx_hal_cortex.o
 .debug_macro   0x00015fe6      0x1e3 ./Drivers/STM32F4xx_HAL_Driver/Src/stm32f4xx_hal_gpio.o
 .debug_macro   0x000161c9      0x22b ./Drivers/STM32F4xx_HAL_Driver/Src/stm32f4xx_hal_i2c.o
 .debug_macro   0x000163f4      0x201 ./Drivers/STM32F4xx_HAL_Driver/Src/stm32f4xx_hal_rcc.o
 .debug_macro   0x000165f5      0x1de ./Drivers/STM32F4xx_HAL_Driver/Src/stm32f4xx_hal_tim.o
 .debug_macro   0x000167d3      0x1dd ./Drivers/STM32F4xx_HAL_Driver/Src/stm32f4xx_hal_tim_ex.o

.debug_line     0x00000000    0x10d77
 .debug_line    0x00000000      0x791 ./Core/Src/ServoMotor.o
 .debug_line    0x00000791      0x791 ./Core/Src/gpio.o
 .debug_line    0x00000f22      0x7d1 ./Core/Src/i2c.o
 .debug_line    0x000016f3      0xb56 ./Core/Src/liquidcrystal_i2c.o
 .debug_line    0x00002249      0xe86 ./Core/Src/main.o
 .debug_line    0x000030cf      0x768 ./Core/Src/stm32f4xx_hal_msp.o
 .debug_line    0x00003837      0x85c ./Core/Src/stm32f4xx_it.o
 .debug_line    0x00004093      0x7ec ./Core/Src/system_stm32f4xx.o
 .debug_line    0x0000487f      0x80b ./Core/Src/tim.o
 .debug_line    0x0000508a       0x7a ./Core/Startup/startup_stm32f401ccux.o
 .debug_line    0x00005104      0xa55 ./Drivers/STM32F4xx_HAL_Driver/Src/stm32f4xx_hal.o
 .debug_line    0x00005b59      0xd47 ./Drivers/STM32F4xx_HAL_Driver/Src/stm32f4xx_hal_cortex.o
 .debug_line    0x000068a0      0xba5 ./Drivers/STM32F4xx_HAL_Driver/Src/stm32f4xx_hal_gpio.o
 .debug_line    0x00007445     0x3b9b ./Drivers/STM32F4xx_HAL_Driver/Src/stm32f4xx_hal_i2c.o
 .debug_line    0x0000afe0      0xdde ./Drivers/STM32F4xx_HAL_Driver/Src/stm32f4xx_hal_rcc.o
 .debug_line    0x0000bdbe     0x35d3 ./Drivers/STM32F4xx_HAL_Driver/Src/stm32f4xx_hal_tim.o
 .debug_line    0x0000f391     0x19e6 ./Drivers/STM32F4xx_HAL_Driver/Src/stm32f4xx_hal_tim_ex.o

.debug_str      0x00000000    0x8d2bd
 .debug_str     0x00000000    0x861ab ./Core/Src/ServoMotor.o
                              0x864d8 (size before relaxing)
 .debug_str     0x000861ab      0x5b1 ./Core/Src/gpio.o
                              0x8644f (size before relaxing)
 .debug_str     0x0008675c      0x2ff ./Core/Src/i2c.o
                              0x865c5 (size before relaxing)
 .debug_str     0x00086a5b      0x5e0 ./Core/Src/liquidcrystal_i2c.o
                              0x869db (size before relaxing)
 .debug_str     0x0008703b     0x34fa ./Core/Src/main.o
                              0x899dd (size before relaxing)
 .debug_str     0x0008a535       0x2c ./Core/Src/stm32f4xx_hal_msp.o
                              0x85fc6 (size before relaxing)
 .debug_str     0x0008a561      0x10a ./Core/Src/stm32f4xx_it.o
                              0x85f8f (size before relaxing)
 .debug_str     0x0008a66b       0x77 ./Core/Src/system_stm32f4xx.o
                              0x86076 (size before relaxing)
 .debug_str     0x0008a6e2      0x168 ./Core/Src/tim.o
                              0x86723 (size before relaxing)
 .debug_str     0x0008a84a       0x44 ./Core/Startup/startup_stm32f401ccux.o
                                 0x84 (size before relaxing)
 .debug_str     0x0008a88e      0x5fc ./Drivers/STM32F4xx_HAL_Driver/Src/stm32f4xx_hal.o
                              0x86a98 (size before relaxing)
 .debug_str     0x0008ae8a      0x379 ./Drivers/STM32F4xx_HAL_Driver/Src/stm32f4xx_hal_cortex.o
                              0x86802 (size before relaxing)
 .debug_str     0x0008b203       0xd7 ./Drivers/STM32F4xx_HAL_Driver/Src/stm32f4xx_hal_gpio.o
                              0x861f1 (size before relaxing)
 .debug_str     0x0008b2da      0xb50 ./Drivers/STM32F4xx_HAL_Driver/Src/stm32f4xx_hal_i2c.o
                              0x87087 (size before relaxing)
 .debug_str     0x0008be2a      0x213 ./Drivers/STM32F4xx_HAL_Driver/Src/stm32f4xx_hal_rcc.o
                              0x864aa (size before relaxing)
 .debug_str     0x0008c03d      0xded ./Drivers/STM32F4xx_HAL_Driver/Src/stm32f4xx_hal_tim.o
                              0x873ee (size before relaxing)
 .debug_str     0x0008ce2a      0x493 ./Drivers/STM32F4xx_HAL_Driver/Src/stm32f4xx_hal_tim_ex.o
                              0x86bfa (size before relaxing)

.comment        0x00000000       0x43
 .comment       0x00000000       0x43 ./Core/Src/ServoMotor.o
                                 0x44 (size before relaxing)
 .comment       0x00000043       0x44 ./Core/Src/gpio.o
 .comment       0x00000043       0x44 ./Core/Src/i2c.o
 .comment       0x00000043       0x44 ./Core/Src/liquidcrystal_i2c.o
 .comment       0x00000043       0x44 ./Core/Src/main.o
 .comment       0x00000043       0x44 ./Core/Src/stm32f4xx_hal_msp.o
 .comment       0x00000043       0x44 ./Core/Src/stm32f4xx_it.o
 .comment       0x00000043       0x44 ./Core/Src/system_stm32f4xx.o
 .comment       0x00000043       0x44 ./Core/Src/tim.o
 .comment       0x00000043       0x44 ./Drivers/STM32F4xx_HAL_Driver/Src/stm32f4xx_hal.o
 .comment       0x00000043       0x44 ./Drivers/STM32F4xx_HAL_Driver/Src/stm32f4xx_hal_cortex.o
 .comment       0x00000043       0x44 ./Drivers/STM32F4xx_HAL_Driver/Src/stm32f4xx_hal_gpio.o
 .comment       0x00000043       0x44 ./Drivers/STM32F4xx_HAL_Driver/Src/stm32f4xx_hal_i2c.o
 .comment       0x00000043       0x44 ./Drivers/STM32F4xx_HAL_Driver/Src/stm32f4xx_hal_rcc.o
 .comment       0x00000043       0x44 ./Drivers/STM32F4xx_HAL_Driver/Src/stm32f4xx_hal_tim.o
 .comment       0x00000043       0x44 ./Drivers/STM32F4xx_HAL_Driver/Src/stm32f4xx_hal_tim_ex.o

.debug_frame    0x00000000     0x3aa4
 .debug_frame   0x00000000       0x54 ./Core/Src/ServoMotor.o
 .debug_frame   0x00000054       0x34 ./Core/Src/gpio.o
 .debug_frame   0x00000088       0x74 ./Core/Src/i2c.o
 .debug_frame   0x000000fc      0x3f0 ./Core/Src/liquidcrystal_i2c.o
 .debug_frame   0x000004ec      0x128 ./Core/Src/main.o
 .debug_frame   0x00000614       0x38 ./Core/Src/stm32f4xx_hal_msp.o
 .debug_frame   0x0000064c      0x13c ./Core/Src/stm32f4xx_it.o
 .debug_frame   0x00000788       0x58 ./Core/Src/system_stm32f4xx.o
 .debug_frame   0x000007e0       0xa8 ./Core/Src/tim.o
 .debug_frame   0x00000888      0x374 ./Drivers/STM32F4xx_HAL_Driver/Src/stm32f4xx_hal.o
 .debug_frame   0x00000bfc      0x508 ./Drivers/STM32F4xx_HAL_Driver/Src/stm32f4xx_hal_cortex.o
 .debug_frame   0x00001104      0x14c ./Drivers/STM32F4xx_HAL_Driver/Src/stm32f4xx_hal_gpio.o
 .debug_frame   0x00001250      0xc84 ./Drivers/STM32F4xx_HAL_Driver/Src/stm32f4xx_hal_i2c.o
 .debug_frame   0x00001ed4      0x1f4 ./Drivers/STM32F4xx_HAL_Driver/Src/stm32f4xx_hal_rcc.o
 .debug_frame   0x000020c8     0x11b8 ./Drivers/STM32F4xx_HAL_Driver/Src/stm32f4xx_hal_tim.o
 .debug_frame   0x00003280      0x638 ./Drivers/STM32F4xx_HAL_Driver/Src/stm32f4xx_hal_tim_ex.o
 .debug_frame   0x000038b8       0x20 C:/ST/STM32CubeIDE_1.16.1/STM32CubeIDE/plugins/com.st.stm32cube.ide.mcu.externaltools.gnu-tools-for-stm32.12.3.rel1.win32_1.0.200.202406191623/tools/bin/../lib/gcc/arm-none-eabi/12.3.1/../../../../arm-none-eabi/lib/thumb/v7e-m+fp/hard\libc_nano.a(libc_a-memset.o)
 .debug_frame   0x000038d8       0x2c C:/ST/STM32CubeIDE_1.16.1/STM32CubeIDE/plugins/com.st.stm32cube.ide.mcu.externaltools.gnu-tools-for-stm32.12.3.rel1.win32_1.0.200.202406191623/tools/bin/../lib/gcc/arm-none-eabi/12.3.1/../../../../arm-none-eabi/lib/thumb/v7e-m+fp/hard\libc_nano.a(libc_a-init.o)
 .debug_frame   0x00003904       0x20 C:/ST/STM32CubeIDE_1.16.1/STM32CubeIDE/plugins/com.st.stm32cube.ide.mcu.externaltools.gnu-tools-for-stm32.12.3.rel1.win32_1.0.200.202406191623/tools/bin/../lib/gcc/arm-none-eabi/12.3.1/../../../../arm-none-eabi/lib/thumb/v7e-m+fp/hard\libc_nano.a(libc_a-strcmp.o)
 .debug_frame   0x00003924       0x20 C:/ST/STM32CubeIDE_1.16.1/STM32CubeIDE/plugins/com.st.stm32cube.ide.mcu.externaltools.gnu-tools-for-stm32.12.3.rel1.win32_1.0.200.202406191623/tools/bin/../lib/gcc/arm-none-eabi/12.3.1/../../../../arm-none-eabi/lib/thumb/v7e-m+fp/hard\libc_nano.a(libc_a-strcpy.o)
 .debug_frame   0x00003944       0x30 C:/ST/STM32CubeIDE_1.16.1/STM32CubeIDE/plugins/com.st.stm32cube.ide.mcu.externaltools.gnu-tools-for-stm32.12.3.rel1.win32_1.0.200.202406191623/tools/bin/../lib/gcc/arm-none-eabi/12.3.1/thumb/v7e-m+fp/hard\libgcc.a(_arm_muldf3.o)
 .debug_frame   0x00003974       0xac C:/ST/STM32CubeIDE_1.16.1/STM32CubeIDE/plugins/com.st.stm32cube.ide.mcu.externaltools.gnu-tools-for-stm32.12.3.rel1.win32_1.0.200.202406191623/tools/bin/../lib/gcc/arm-none-eabi/12.3.1/thumb/v7e-m+fp/hard\libgcc.a(_arm_addsubdf3.o)
 .debug_frame   0x00003a20       0x24 C:/ST/STM32CubeIDE_1.16.1/STM32CubeIDE/plugins/com.st.stm32cube.ide.mcu.externaltools.gnu-tools-for-stm32.12.3.rel1.win32_1.0.200.202406191623/tools/bin/../lib/gcc/arm-none-eabi/12.3.1/thumb/v7e-m+fp/hard\libgcc.a(_arm_fixunsdfsi.o)
 .debug_frame   0x00003a44       0x2c C:/ST/STM32CubeIDE_1.16.1/STM32CubeIDE/plugins/com.st.stm32cube.ide.mcu.externaltools.gnu-tools-for-stm32.12.3.rel1.win32_1.0.200.202406191623/tools/bin/../lib/gcc/arm-none-eabi/12.3.1/thumb/v7e-m+fp/hard\libgcc.a(_aeabi_uldivmod.o)
 .debug_frame   0x00003a70       0x34 C:/ST/STM32CubeIDE_1.16.1/STM32CubeIDE/plugins/com.st.stm32cube.ide.mcu.externaltools.gnu-tools-for-stm32.12.3.rel1.win32_1.0.200.202406191623/tools/bin/../lib/gcc/arm-none-eabi/12.3.1/thumb/v7e-m+fp/hard\libgcc.a(_udivmoddi4.o)

.debug_line_str
                0x00000000       0x68
 .debug_line_str
                0x00000000       0x68 ./Core/Startup/startup_stm32f401ccux.o
