../Core/Src/liquidcrystal_i2c.c:47:6:LCD_Init	16	static
../Core/Src/liquidcrystal_i2c.c:102:6:LCD_Clear	8	static
../Core/Src/liquidcrystal_i2c.c:108:6:LCD_Home	8	static
../Core/Src/liquidcrystal_i2c.c:114:6:LCD_SetCursor	40	static
../Core/Src/liquidcrystal_i2c.c:124:6:LCD_NoDisplay	8	static
../Core/Src/liquidcrystal_i2c.c:130:6:LCD_Display	8	static
../Core/Src/liquidcrystal_i2c.c:136:6:LCD_NoCursor	8	static
../Core/Src/liquidcrystal_i2c.c:142:6:LCD_Cursor	8	static
../Core/Src/liquidcrystal_i2c.c:148:6:LCD_NoBlink	8	static
../Core/Src/liquidcrystal_i2c.c:154:6:LCD_Blink	8	static
../Core/Src/liquidcrystal_i2c.c:160:6:LCD_ScrollDisplayLeft	8	static
../Core/Src/liquidcrystal_i2c.c:165:6:LCD_ScrollDisplayRight	8	static
../Core/Src/liquidcrystal_i2c.c:170:6:LCD_LeftToRight	8	static
../Core/Src/liquidcrystal_i2c.c:176:6:LCD_RightToLeft	8	static
../Core/Src/liquidcrystal_i2c.c:182:6:LCD_AutoScroll	8	static
../Core/Src/liquidcrystal_i2c.c:188:6:LCD_NoAutoScroll	8	static
../Core/Src/liquidcrystal_i2c.c:194:6:LCD_CreateSpecialChar	24	static
../Core/Src/liquidcrystal_i2c.c:204:6:LCD_PrintSpecialChar	16	static
../Core/Src/liquidcrystal_i2c.c:209:6:LCD_LoadCustomCharacter	16	static
../Core/Src/liquidcrystal_i2c.c:214:6:LCD_PrintStr	16	static
../Core/Src/liquidcrystal_i2c.c:219:6:LCD_SetBacklight	16	static
../Core/Src/liquidcrystal_i2c.c:225:6:LCD_NoBacklight	8	static
../Core/Src/liquidcrystal_i2c.c:231:6:LCD_Backlight	8	static
../Core/Src/liquidcrystal_i2c.c:237:13:SendCommand	16	static
../Core/Src/liquidcrystal_i2c.c:242:13:SendChar	16	static
../Core/Src/liquidcrystal_i2c.c:247:13:Send	24	static
../Core/Src/liquidcrystal_i2c.c:255:13:Write4Bits	16	static
../Core/Src/liquidcrystal_i2c.c:261:13:ExpanderWrite	32	static
../Core/Src/liquidcrystal_i2c.c:267:13:PulseEnable	16	static
../Core/Src/liquidcrystal_i2c.c:276:13:DelayInit	4	static,ignoring_inline_asm
../Core/Src/liquidcrystal_i2c.c:292:13:DelayUS	32	static
